// Jest Snapshot v1, https://goo.gl/fbAQLP

exports[`renders Link component Link snapshot 1`] = `
<DocumentFragment>
  <a
    class=""
    href="/"
  >
    Link
  </a>
</DocumentFragment>
`;
