// Jest Snapshot v1, https://goo.gl/fbAQLP

exports[`Button component renders Button component 1`] = `
<DocumentFragment>
  <button
    class="myClassName"
    type="button"
  >
    <span />
    Button title
  </button>
</DocumentFragment>
`;
