// Jest Snapshot v1, https://goo.gl/fbAQLP

exports[`Preloader component renders Preloader component 1`] = `
<DocumentFragment>
  <div
    data-testid="skeleton"
    style="min-width: 50px; height: 50px;"
  />
</DocumentFragment>
`;
