// Jest Snapshot v1, https://goo.gl/fbAQLP

exports[`Table component renders Preloader component 1`] = `
<DocumentFragment>
  <div
    class=""
    data-direction="top"
  />
</DocumentFragment>
`;
